2025-12-21 12:42:35 [INFO] Server running in development mode at http://localhost:8000
2025-12-21 12:42:38 [INFO] Server running in development mode at http://localhost:8000
2025-12-21 13:43:39 [INFO] Server running in development mode at http://localhost:8000
2025-12-21 13:43:47 [INFO] Server running in development mode at http://localhost:8000
2025-12-21 13:43:57 [INFO] Server running in development mode at http://localhost:8000
2025-12-21 13:45:31 [INFO] Server running in development mode at http://localhost:8000
2025-12-21 13:50:19 [INFO] Server running in development mode at http://localhost:8000
2025-12-21 13:50:43 [INFO] Server running in development mode at http://localhost:8000
2025-12-21 13:50:47 [INFO] Server running in development mode at http://localhost:8000
2025-12-21 13:50:52 [INFO] Server running in development mode at http://localhost:8000
2025-12-21 13:50:58 [INFO] Server running in development mode at http://localhost:8000
2025-12-21 13:51:07 [INFO] Server running in development mode at http://localhost:8000
2025-12-21 13:51:10 [INFO] Server running in development mode at http://localhost:8000
2025-12-21 13:51:26 [INFO] Server running in development mode at http://localhost:8000
2025-12-21 13:51:32 [INFO] Server running in development mode at http://localhost:8000
2025-12-21 13:51:39 [INFO] Server running in development mode at http://localhost:8000
2025-12-21 13:52:17 [INFO] Server running in development mode at http://localhost:8000
2025-12-21 13:52:23 [INFO] Server running in development mode at http://localhost:8000
2025-12-21 13:52:40 [INFO] Server running in development mode at http://localhost:8000
2025-12-21 13:52:53 [INFO] Server running in development mode at http://localhost:8000
2025-12-21 13:53:01 [INFO] Server running in development mode at http://localhost:8000
2025-12-21 13:53:14 [INFO] Server running in development mode at http://localhost:8000
2025-12-21 13:53:19 [INFO] Server running in development mode at http://localhost:8000
2025-12-21 13:53:27 [INFO] Server running in development mode at http://localhost:8000
2025-12-21 13:53:41 [INFO] Server running in development mode at http://localhost:8000
2025-12-21 13:53:56 [INFO] Server running in development mode at http://localhost:8000
2025-12-21 13:54:00 [INFO] Server running in development mode at http://localhost:8000
2025-12-21 13:54:02 [INFO] Server running in development mode at http://localhost:8000
2025-12-21 13:54:22 [INFO] Server running in development mode at http://localhost:8000
2025-12-21 13:54:34 [INFO] Server running in development mode at http://localhost:8000
2025-12-21 13:54:39 [INFO] Server running in development mode at http://localhost:8000
2025-12-21 13:54:50 [INFO] Server running in development mode at http://localhost:8000
2025-12-21 13:54:58 [INFO] Server running in development mode at http://localhost:8000
2025-12-21 13:55:06 [INFO] Server running in development mode at http://localhost:8000
2025-12-21 13:55:10 [INFO] Server running in development mode at http://localhost:8000
2025-12-21 13:55:16 [INFO] Server running in development mode at http://localhost:8000
2025-12-21 13:55:22 [INFO] Server running in development mode at http://localhost:8000
2025-12-21 13:55:57 [INFO] Server running in development mode at http://localhost:8000
2025-12-21 13:56:03 [INFO] Server running in development mode at http://localhost:8000
2025-12-21 13:57:06 [INFO] Server running in development mode at http://localhost:8000
2025-12-21 13:57:16 [INFO] Server running in development mode at http://localhost:8000
2025-12-21 13:57:20 [INFO] Server running in development mode at http://localhost:8000
2025-12-21 13:57:31 [INFO] Server running in development mode at http://localhost:8000
2025-12-21 13:57:35 [INFO] Server running in development mode at http://localhost:8000
2025-12-21 13:57:44 [INFO] Server running in development mode at http://localhost:8000
2025-12-21 13:57:51 [INFO] Server running in development mode at http://localhost:8000
2025-12-21 13:59:41 [INFO] Server running in development mode at http://localhost:8000
2025-12-21 13:59:46 [INFO] Server running in development mode at http://localhost:8000
2025-12-21 13:59:52 [INFO] Server running in development mode at http://localhost:8000
2025-12-21 14:00:53 [INFO] Server running in development mode at http://localhost:8000
2025-12-21 14:01:20 [INFO] Server running in development mode at http://localhost:8000
2025-12-21 14:01:38 [INFO] Server running in development mode at http://localhost:8000
2025-12-21 14:01:43 [INFO] Server running in development mode at http://localhost:8000
2025-12-21 14:01:46 [INFO] Server running in development mode at http://localhost:8000
2025-12-21 14:01:49 [INFO] Server running in development mode at http://localhost:8000
2025-12-21 14:27:10 [INFO] Server running in development mode at http://localhost:8000
2025-12-21 14:27:15 [INFO] Server running in development mode at http://localhost:8000
2025-12-21 14:27:19 [INFO] Server running in development mode at http://localhost:8000
2025-12-21 14:27:35 [INFO] Server running in development mode at http://localhost:8000
2025-12-21 14:27:39 [INFO] Server running in development mode at http://localhost:8000
2025-12-21 14:27:52 [INFO] Server running in development mode at http://localhost:8000
2025-12-21 14:27:56 [INFO] Server running in development mode at http://localhost:8000
2025-12-21 14:27:59 [INFO] Server running in development mode at http://localhost:8000
2025-12-21 14:28:18 [INFO] Server running in development mode at http://localhost:8000
2025-12-21 14:28:21 [INFO] Server running in development mode at http://localhost:8000
2025-12-21 14:28:34 [INFO] Server running in development mode at http://localhost:8000
2025-12-21 14:40:38 [INFO] undefined
2025-12-21 14:42:17 [INFO] undefined
2025-12-21 14:42:46 [INFO] undefined
2025-12-21 14:47:53 [INFO] "eyJhbGciOiJIUzI1NiIsInR5cCI6IkpXVCJ9.eyJ1c2VySWQiOiI5NTA3Yjc3MS04NjBhLTQ5OTMtODE0My1jY2JlMGE5NjFiOTEiLCJpYXQiOjE3NjYzMDI5NjYsImV4cCI6MTg1MjcwMjk2Nn0.FG1zU9DbI_ckouo08X1_aUIg_awGErxjkM9zdB20obs"
2025-12-21 14:51:16 [INFO] Server running in development mode at http://localhost:8000
2025-12-21 15:24:51 [INFO] undefined
2025-12-21 15:25:29 [INFO] undefined
2025-12-21 15:25:42 [INFO] undefined
2025-12-21 15:27:23 [INFO] Server running in development mode at http://localhost:8000
2025-12-21 15:27:39 [INFO] Server running in development mode at http://localhost:8000
2025-12-21 15:27:44 [INFO] Server running in development mode at http://localhost:8000
2025-12-21 15:28:03 [INFO] Server running in development mode at http://localhost:8000
2025-12-21 15:28:10 [INFO] Server running in development mode at http://localhost:8000
2025-12-21 15:28:34 [INFO] Server running in development mode at http://localhost:8000
2025-12-21 15:28:55 [INFO] Server running in development mode at http://localhost:8000
2025-12-21 15:29:38 [INFO] Server running in development mode at http://localhost:8000
2025-12-21 15:29:51 [INFO] Server running in development mode at http://localhost:8000
2025-12-21 15:30:02 [ERROR] Invalid access token: jwt must be provided
JsonWebTokenError: jwt must be provided
    at module.exports [as verify] (/home/luong/Downloads/WebsiteLookBookBanQuanAoExpressjsNextjs/backend/node_modules/jsonwebtoken/verify.js:60:17)
    at verifyAccessToken (/home/luong/Downloads/WebsiteLookBookBanQuanAoExpressjsNextjs/backend/src/utils/jwt.ts:37:16)
    at getMeHandler (/home/luong/Downloads/WebsiteLookBookBanQuanAoExpressjsNextjs/backend/src/features/auth/get-me/handler.ts:16:22)
    at <anonymous> (/home/luong/Downloads/WebsiteLookBookBanQuanAoExpressjsNextjs/backend/src/utils/catch-async.ts:6:21)
    at Layer.handleRequest (/home/luong/Downloads/WebsiteLookBookBanQuanAoExpressjsNextjs/backend/node_modules/router/lib/layer.js:152:17)
    at next (/home/luong/Downloads/WebsiteLookBookBanQuanAoExpressjsNextjs/backend/node_modules/router/lib/route.js:157:13)
    at Route.dispatch (/home/luong/Downloads/WebsiteLookBookBanQuanAoExpressjsNextjs/backend/node_modules/router/lib/route.js:117:3)
    at handle (/home/luong/Downloads/WebsiteLookBookBanQuanAoExpressjsNextjs/backend/node_modules/router/index.js:435:11)
    at Layer.handleRequest (/home/luong/Downloads/WebsiteLookBookBanQuanAoExpressjsNextjs/backend/node_modules/router/lib/layer.js:152:17)
    at /home/luong/Downloads/WebsiteLookBookBanQuanAoExpressjsNextjs/backend/node_modules/router/index.js:295:15
2025-12-21 15:31:00 [INFO] Server running in development mode at http://localhost:8000
2025-12-21 15:31:13 [INFO] Server running in development mode at http://localhost:8000
2025-12-21 15:31:43 [INFO] Server running in development mode at http://localhost:8000
2025-12-21 15:31:59 [INFO] Server running in development mode at http://localhost:8000
2025-12-21 15:32:59 [INFO] Server running in development mode at http://localhost:8000
2025-12-21 15:33:45 [INFO] Server running in development mode at http://localhost:8000
2025-12-21 15:33:50 [ERROR] Invalid access token: jwt must be provided
JsonWebTokenError: jwt must be provided
    at module.exports [as verify] (/home/luong/Downloads/WebsiteLookBookBanQuanAoExpressjsNextjs/backend/node_modules/jsonwebtoken/verify.js:60:17)
    at verifyAccessToken (/home/luong/Downloads/WebsiteLookBookBanQuanAoExpressjsNextjs/backend/src/utils/jwt.ts:37:16)
    at getMeHandler (/home/luong/Downloads/WebsiteLookBookBanQuanAoExpressjsNextjs/backend/src/features/auth/get-me/handler.ts:18:21)
    at <anonymous> (/home/luong/Downloads/WebsiteLookBookBanQuanAoExpressjsNextjs/backend/src/utils/catch-async.ts:6:21)
    at Layer.handleRequest (/home/luong/Downloads/WebsiteLookBookBanQuanAoExpressjsNextjs/backend/node_modules/router/lib/layer.js:152:17)
    at next (/home/luong/Downloads/WebsiteLookBookBanQuanAoExpressjsNextjs/backend/node_modules/router/lib/route.js:157:13)
    at Route.dispatch (/home/luong/Downloads/WebsiteLookBookBanQuanAoExpressjsNextjs/backend/node_modules/router/lib/route.js:117:3)
    at handle (/home/luong/Downloads/WebsiteLookBookBanQuanAoExpressjsNextjs/backend/node_modules/router/index.js:435:11)
    at Layer.handleRequest (/home/luong/Downloads/WebsiteLookBookBanQuanAoExpressjsNextjs/backend/node_modules/router/lib/layer.js:152:17)
    at /home/luong/Downloads/WebsiteLookBookBanQuanAoExpressjsNextjs/backend/node_modules/router/index.js:295:15
2025-12-21 15:40:32 [ERROR] Invalid access token: jwt must be provided
JsonWebTokenError: jwt must be provided
    at module.exports [as verify] (/home/luong/Downloads/WebsiteLookBookBanQuanAoExpressjsNextjs/backend/node_modules/jsonwebtoken/verify.js:60:17)
    at verifyAccessToken (/home/luong/Downloads/WebsiteLookBookBanQuanAoExpressjsNextjs/backend/src/utils/jwt.ts:37:16)
    at getMeHandler (/home/luong/Downloads/WebsiteLookBookBanQuanAoExpressjsNextjs/backend/src/features/auth/get-me/handler.ts:18:21)
    at <anonymous> (/home/luong/Downloads/WebsiteLookBookBanQuanAoExpressjsNextjs/backend/src/utils/catch-async.ts:6:21)
    at Layer.handleRequest (/home/luong/Downloads/WebsiteLookBookBanQuanAoExpressjsNextjs/backend/node_modules/router/lib/layer.js:152:17)
    at next (/home/luong/Downloads/WebsiteLookBookBanQuanAoExpressjsNextjs/backend/node_modules/router/lib/route.js:157:13)
    at Route.dispatch (/home/luong/Downloads/WebsiteLookBookBanQuanAoExpressjsNextjs/backend/node_modules/router/lib/route.js:117:3)
    at handle (/home/luong/Downloads/WebsiteLookBookBanQuanAoExpressjsNextjs/backend/node_modules/router/index.js:435:11)
    at Layer.handleRequest (/home/luong/Downloads/WebsiteLookBookBanQuanAoExpressjsNextjs/backend/node_modules/router/lib/layer.js:152:17)
    at /home/luong/Downloads/WebsiteLookBookBanQuanAoExpressjsNextjs/backend/node_modules/router/index.js:295:15
2025-12-21 15:41:05 [INFO] undefined
2025-12-21 16:12:52 [ERROR] Invalid access token: jwt must be provided
JsonWebTokenError: jwt must be provided
    at module.exports [as verify] (/home/luong/Downloads/WebsiteLookBookBanQuanAoExpressjsNextjs/backend/node_modules/jsonwebtoken/verify.js:60:17)
    at verifyAccessToken (/home/luong/Downloads/WebsiteLookBookBanQuanAoExpressjsNextjs/backend/src/utils/jwt.ts:37:16)
    at getMeHandler (/home/luong/Downloads/WebsiteLookBookBanQuanAoExpressjsNextjs/backend/src/features/auth/get-me/handler.ts:18:21)
    at <anonymous> (/home/luong/Downloads/WebsiteLookBookBanQuanAoExpressjsNextjs/backend/src/utils/catch-async.ts:6:21)
    at Layer.handleRequest (/home/luong/Downloads/WebsiteLookBookBanQuanAoExpressjsNextjs/backend/node_modules/router/lib/layer.js:152:17)
    at next (/home/luong/Downloads/WebsiteLookBookBanQuanAoExpressjsNextjs/backend/node_modules/router/lib/route.js:157:13)
    at Route.dispatch (/home/luong/Downloads/WebsiteLookBookBanQuanAoExpressjsNextjs/backend/node_modules/router/lib/route.js:117:3)
    at handle (/home/luong/Downloads/WebsiteLookBookBanQuanAoExpressjsNextjs/backend/node_modules/router/index.js:435:11)
    at Layer.handleRequest (/home/luong/Downloads/WebsiteLookBookBanQuanAoExpressjsNextjs/backend/node_modules/router/lib/layer.js:152:17)
    at /home/luong/Downloads/WebsiteLookBookBanQuanAoExpressjsNextjs/backend/node_modules/router/index.js:295:15
2025-12-21 16:13:22 [ERROR] Invalid access token: jwt must be provided
JsonWebTokenError: jwt must be provided
    at module.exports [as verify] (/home/luong/Downloads/WebsiteLookBookBanQuanAoExpressjsNextjs/backend/node_modules/jsonwebtoken/verify.js:60:17)
    at verifyAccessToken (/home/luong/Downloads/WebsiteLookBookBanQuanAoExpressjsNextjs/backend/src/utils/jwt.ts:37:16)
    at getMeHandler (/home/luong/Downloads/WebsiteLookBookBanQuanAoExpressjsNextjs/backend/src/features/auth/get-me/handler.ts:18:21)
    at <anonymous> (/home/luong/Downloads/WebsiteLookBookBanQuanAoExpressjsNextjs/backend/src/utils/catch-async.ts:6:21)
    at Layer.handleRequest (/home/luong/Downloads/WebsiteLookBookBanQuanAoExpressjsNextjs/backend/node_modules/router/lib/layer.js:152:17)
    at next (/home/luong/Downloads/WebsiteLookBookBanQuanAoExpressjsNextjs/backend/node_modules/router/lib/route.js:157:13)
    at Route.dispatch (/home/luong/Downloads/WebsiteLookBookBanQuanAoExpressjsNextjs/backend/node_modules/router/lib/route.js:117:3)
    at handle (/home/luong/Downloads/WebsiteLookBookBanQuanAoExpressjsNextjs/backend/node_modules/router/index.js:435:11)
    at Layer.handleRequest (/home/luong/Downloads/WebsiteLookBookBanQuanAoExpressjsNextjs/backend/node_modules/router/lib/layer.js:152:17)
    at /home/luong/Downloads/WebsiteLookBookBanQuanAoExpressjsNextjs/backend/node_modules/router/index.js:295:15
2025-12-21 16:13:40 [INFO] undefined
2025-12-21 16:13:45 [ERROR] Invalid access token: jwt must be provided
JsonWebTokenError: jwt must be provided
    at module.exports [as verify] (/home/luong/Downloads/WebsiteLookBookBanQuanAoExpressjsNextjs/backend/node_modules/jsonwebtoken/verify.js:60:17)
    at verifyAccessToken (/home/luong/Downloads/WebsiteLookBookBanQuanAoExpressjsNextjs/backend/src/utils/jwt.ts:37:16)
    at getMeHandler (/home/luong/Downloads/WebsiteLookBookBanQuanAoExpressjsNextjs/backend/src/features/auth/get-me/handler.ts:18:21)
    at <anonymous> (/home/luong/Downloads/WebsiteLookBookBanQuanAoExpressjsNextjs/backend/src/utils/catch-async.ts:6:21)
    at Layer.handleRequest (/home/luong/Downloads/WebsiteLookBookBanQuanAoExpressjsNextjs/backend/node_modules/router/lib/layer.js:152:17)
    at next (/home/luong/Downloads/WebsiteLookBookBanQuanAoExpressjsNextjs/backend/node_modules/router/lib/route.js:157:13)
    at Route.dispatch (/home/luong/Downloads/WebsiteLookBookBanQuanAoExpressjsNextjs/backend/node_modules/router/lib/route.js:117:3)
    at handle (/home/luong/Downloads/WebsiteLookBookBanQuanAoExpressjsNextjs/backend/node_modules/router/index.js:435:11)
    at Layer.handleRequest (/home/luong/Downloads/WebsiteLookBookBanQuanAoExpressjsNextjs/backend/node_modules/router/lib/layer.js:152:17)
    at /home/luong/Downloads/WebsiteLookBookBanQuanAoExpressjsNextjs/backend/node_modules/router/index.js:295:15
2025-12-21 16:13:53 [INFO] undefined
2025-12-21 16:38:15 [ERROR] Invalid access token: jwt must be provided
JsonWebTokenError: jwt must be provided
    at module.exports [as verify] (/home/luong/Downloads/WebsiteLookBookBanQuanAoExpressjsNextjs/backend/node_modules/jsonwebtoken/verify.js:60:17)
    at verifyAccessToken (/home/luong/Downloads/WebsiteLookBookBanQuanAoExpressjsNextjs/backend/src/utils/jwt.ts:37:16)
    at getMeHandler (/home/luong/Downloads/WebsiteLookBookBanQuanAoExpressjsNextjs/backend/src/features/auth/get-me/handler.ts:18:21)
    at <anonymous> (/home/luong/Downloads/WebsiteLookBookBanQuanAoExpressjsNextjs/backend/src/utils/catch-async.ts:6:21)
    at Layer.handleRequest (/home/luong/Downloads/WebsiteLookBookBanQuanAoExpressjsNextjs/backend/node_modules/router/lib/layer.js:152:17)
    at next (/home/luong/Downloads/WebsiteLookBookBanQuanAoExpressjsNextjs/backend/node_modules/router/lib/route.js:157:13)
    at Route.dispatch (/home/luong/Downloads/WebsiteLookBookBanQuanAoExpressjsNextjs/backend/node_modules/router/lib/route.js:117:3)
    at handle (/home/luong/Downloads/WebsiteLookBookBanQuanAoExpressjsNextjs/backend/node_modules/router/index.js:435:11)
    at Layer.handleRequest (/home/luong/Downloads/WebsiteLookBookBanQuanAoExpressjsNextjs/backend/node_modules/router/lib/layer.js:152:17)
    at /home/luong/Downloads/WebsiteLookBookBanQuanAoExpressjsNextjs/backend/node_modules/router/index.js:295:15
