2025-12-08 12:12:30 [INFO] undefined
2025-12-08 12:23:18 [INFO] undefined
2025-12-08 12:23:28 [INFO] undefined
2025-12-08 12:23:45 [INFO] undefined
2025-12-08 12:23:45 [INFO] undefined
2025-12-08 12:23:52 [INFO] undefined
2025-12-08 12:24:50 [INFO] undefined
2025-12-08 12:24:56 [INFO] "eyJhbGciOiJIUzI1NiIsInR5cCI6IkpXVCJ9.eyJ1c2VySWQiOjEsImlhdCI6MTc2NTE3MTQ5MCwiZXhwIjoxODUxNTcxNDkwfQ.p8urQHToKeUS8jhTbfZjr541-F2-m8haJgm7xs93uqQ"
2025-12-08 12:25:05 [INFO] "eyJhbGciOiJIUzI1NiIsInR5cCI6IkpXVCJ9.eyJ1c2VySWQiOjEsImlhdCI6MTc2NTE3MTQ5MCwiZXhwIjoxODUxNTcxNDkwfQ.p8urQHToKeUS8jhTbfZjr541-F2-m8haJgm7xs93uqQ"
2025-12-08 12:25:05 [INFO] "eyJhbGciOiJIUzI1NiIsInR5cCI6IkpXVCJ9.eyJ1c2VySWQiOjEsImlhdCI6MTc2NTE3MTQ5MCwiZXhwIjoxODUxNTcxNDkwfQ.p8urQHToKeUS8jhTbfZjr541-F2-m8haJgm7xs93uqQ"
2025-12-08 12:25:09 [INFO] "eyJhbGciOiJIUzI1NiIsInR5cCI6IkpXVCJ9.eyJ1c2VySWQiOjEsImlhdCI6MTc2NTE3MTQ5MCwiZXhwIjoxODUxNTcxNDkwfQ.p8urQHToKeUS8jhTbfZjr541-F2-m8haJgm7xs93uqQ"
2025-12-08 12:25:09 [INFO] "eyJhbGciOiJIUzI1NiIsInR5cCI6IkpXVCJ9.eyJ1c2VySWQiOjEsImlhdCI6MTc2NTE3MTQ5MCwiZXhwIjoxODUxNTcxNDkwfQ.p8urQHToKeUS8jhTbfZjr541-F2-m8haJgm7xs93uqQ"
2025-12-08 12:25:12 [INFO] "eyJhbGciOiJIUzI1NiIsInR5cCI6IkpXVCJ9.eyJ1c2VySWQiOjEsImlhdCI6MTc2NTE3MTQ5MCwiZXhwIjoxODUxNTcxNDkwfQ.p8urQHToKeUS8jhTbfZjr541-F2-m8haJgm7xs93uqQ"
2025-12-08 12:25:12 [ERROR] Failed to create product id: 
Invalid `prisma.product.create()` invocation in
/home/luong/Downloads/Projects/WebsiteLookBookBanQuanAoExpressjsNextjs/backend/src/features/products/create-product/repo.ts:28:41

  25 
  26 export async function createProductRepo(prisma: PrismaClient, data: Prisma.ProductCreateInput) {
  27   try {
→ 28     const { id } = await prisma.product.create(
Unique constraint failed on the fields: (`name`)
PrismaClientKnownRequestError: 
Invalid `prisma.product.create()` invocation in
/home/luong/Downloads/Projects/WebsiteLookBookBanQuanAoExpressjsNextjs/backend/src/features/products/create-product/repo.ts:28:41

  25 
  26 export async function createProductRepo(prisma: PrismaClient, data: Prisma.ProductCreateInput) {
  27   try {
→ 28     const { id } = await prisma.product.create(
Unique constraint failed on the fields: (`name`)
    at ei.handleRequestError (/home/luong/Downloads/Projects/WebsiteLookBookBanQuanAoExpressjsNextjs/backend/src/generated/prisma/runtime/library.js:125:7268)
    at ei.handleAndLogRequestError (/home/luong/Downloads/Projects/WebsiteLookBookBanQuanAoExpressjsNextjs/backend/src/generated/prisma/runtime/library.js:125:6593)
    at ei.request (/home/luong/Downloads/Projects/WebsiteLookBookBanQuanAoExpressjsNextjs/backend/src/generated/prisma/runtime/library.js:125:6300)
    at async a (/home/luong/Downloads/Projects/WebsiteLookBookBanQuanAoExpressjsNextjs/backend/src/generated/prisma/runtime/library.js:134:9551)
    at async createProductRepo (/home/luong/Downloads/Projects/WebsiteLookBookBanQuanAoExpressjsNextjs/backend/src/features/products/create-product/repo.ts:28:20)
    at async createProductService (/home/luong/Downloads/Projects/WebsiteLookBookBanQuanAoExpressjsNextjs/backend/src/features/products/create-product/service.ts:17:23)
    at async createProductHandler (/home/luong/Downloads/Projects/WebsiteLookBookBanQuanAoExpressjsNextjs/backend/src/features/products/create-product/handler.ts:9:21)
2025-12-08 12:25:18 [INFO] "eyJhbGciOiJIUzI1NiIsInR5cCI6IkpXVCJ9.eyJ1c2VySWQiOjEsImlhdCI6MTc2NTE3MTQ5MCwiZXhwIjoxODUxNTcxNDkwfQ.p8urQHToKeUS8jhTbfZjr541-F2-m8haJgm7xs93uqQ"
2025-12-08 12:25:18 [INFO] "eyJhbGciOiJIUzI1NiIsInR5cCI6IkpXVCJ9.eyJ1c2VySWQiOjEsImlhdCI6MTc2NTE3MTQ5MCwiZXhwIjoxODUxNTcxNDkwfQ.p8urQHToKeUS8jhTbfZjr541-F2-m8haJgm7xs93uqQ"
2025-12-08 12:27:14 [INFO] "eyJhbGciOiJIUzI1NiIsInR5cCI6IkpXVCJ9.eyJ1c2VySWQiOjEsImlhdCI6MTc2NTE3MTQ5MCwiZXhwIjoxODUxNTcxNDkwfQ.p8urQHToKeUS8jhTbfZjr541-F2-m8haJgm7xs93uqQ"
2025-12-08 12:27:16 [INFO] "eyJhbGciOiJIUzI1NiIsInR5cCI6IkpXVCJ9.eyJ1c2VySWQiOjEsImlhdCI6MTc2NTE3MTQ5MCwiZXhwIjoxODUxNTcxNDkwfQ.p8urQHToKeUS8jhTbfZjr541-F2-m8haJgm7xs93uqQ"
2025-12-08 12:30:03 [INFO] "eyJhbGciOiJIUzI1NiIsInR5cCI6IkpXVCJ9.eyJ1c2VySWQiOjEsImlhdCI6MTc2NTE3MTQ5MCwiZXhwIjoxODUxNTcxNDkwfQ.p8urQHToKeUS8jhTbfZjr541-F2-m8haJgm7xs93uqQ"
2025-12-08 12:30:03 [INFO] "eyJhbGciOiJIUzI1NiIsInR5cCI6IkpXVCJ9.eyJ1c2VySWQiOjEsImlhdCI6MTc2NTE3MTQ5MCwiZXhwIjoxODUxNTcxNDkwfQ.p8urQHToKeUS8jhTbfZjr541-F2-m8haJgm7xs93uqQ"
2025-12-08 12:30:03 [INFO] "eyJhbGciOiJIUzI1NiIsInR5cCI6IkpXVCJ9.eyJ1c2VySWQiOjEsImlhdCI6MTc2NTE3MTQ5MCwiZXhwIjoxODUxNTcxNDkwfQ.p8urQHToKeUS8jhTbfZjr541-F2-m8haJgm7xs93uqQ"
2025-12-08 12:30:11 [INFO] "eyJhbGciOiJIUzI1NiIsInR5cCI6IkpXVCJ9.eyJ1c2VySWQiOjEsImlhdCI6MTc2NTE3MTQ5MCwiZXhwIjoxODUxNTcxNDkwfQ.p8urQHToKeUS8jhTbfZjr541-F2-m8haJgm7xs93uqQ"
2025-12-08 12:32:12 [INFO] "eyJhbGciOiJIUzI1NiIsInR5cCI6IkpXVCJ9.eyJ1c2VySWQiOjEsImlhdCI6MTc2NTE3MTQ5MCwiZXhwIjoxODUxNTcxNDkwfQ.p8urQHToKeUS8jhTbfZjr541-F2-m8haJgm7xs93uqQ"
2025-12-08 12:32:12 [INFO] "eyJhbGciOiJIUzI1NiIsInR5cCI6IkpXVCJ9.eyJ1c2VySWQiOjEsImlhdCI6MTc2NTE3MTQ5MCwiZXhwIjoxODUxNTcxNDkwfQ.p8urQHToKeUS8jhTbfZjr541-F2-m8haJgm7xs93uqQ"
2025-12-08 12:32:12 [INFO] "eyJhbGciOiJIUzI1NiIsInR5cCI6IkpXVCJ9.eyJ1c2VySWQiOjEsImlhdCI6MTc2NTE3MTQ5MCwiZXhwIjoxODUxNTcxNDkwfQ.p8urQHToKeUS8jhTbfZjr541-F2-m8haJgm7xs93uqQ"
2025-12-08 12:32:24 [INFO] "eyJhbGciOiJIUzI1NiIsInR5cCI6IkpXVCJ9.eyJ1c2VySWQiOjEsImlhdCI6MTc2NTE3MTQ5MCwiZXhwIjoxODUxNTcxNDkwfQ.p8urQHToKeUS8jhTbfZjr541-F2-m8haJgm7xs93uqQ"
2025-12-08 12:32:24 [INFO] "eyJhbGciOiJIUzI1NiIsInR5cCI6IkpXVCJ9.eyJ1c2VySWQiOjEsImlhdCI6MTc2NTE3MTQ5MCwiZXhwIjoxODUxNTcxNDkwfQ.p8urQHToKeUS8jhTbfZjr541-F2-m8haJgm7xs93uqQ"
2025-12-08 12:32:28 [INFO] "eyJhbGciOiJIUzI1NiIsInR5cCI6IkpXVCJ9.eyJ1c2VySWQiOjEsImlhdCI6MTc2NTE3MTQ5MCwiZXhwIjoxODUxNTcxNDkwfQ.p8urQHToKeUS8jhTbfZjr541-F2-m8haJgm7xs93uqQ"
2025-12-08 12:32:28 [INFO] "eyJhbGciOiJIUzI1NiIsInR5cCI6IkpXVCJ9.eyJ1c2VySWQiOjEsImlhdCI6MTc2NTE3MTQ5MCwiZXhwIjoxODUxNTcxNDkwfQ.p8urQHToKeUS8jhTbfZjr541-F2-m8haJgm7xs93uqQ"
2025-12-08 12:32:42 [INFO] "eyJhbGciOiJIUzI1NiIsInR5cCI6IkpXVCJ9.eyJ1c2VySWQiOjEsImlhdCI6MTc2NTE3MTQ5MCwiZXhwIjoxODUxNTcxNDkwfQ.p8urQHToKeUS8jhTbfZjr541-F2-m8haJgm7xs93uqQ"
2025-12-08 12:32:42 [INFO] "eyJhbGciOiJIUzI1NiIsInR5cCI6IkpXVCJ9.eyJ1c2VySWQiOjEsImlhdCI6MTc2NTE3MTQ5MCwiZXhwIjoxODUxNTcxNDkwfQ.p8urQHToKeUS8jhTbfZjr541-F2-m8haJgm7xs93uqQ"
2025-12-08 12:32:44 [INFO] "eyJhbGciOiJIUzI1NiIsInR5cCI6IkpXVCJ9.eyJ1c2VySWQiOjEsImlhdCI6MTc2NTE3MTQ5MCwiZXhwIjoxODUxNTcxNDkwfQ.p8urQHToKeUS8jhTbfZjr541-F2-m8haJgm7xs93uqQ"
2025-12-08 12:32:44 [INFO] "eyJhbGciOiJIUzI1NiIsInR5cCI6IkpXVCJ9.eyJ1c2VySWQiOjEsImlhdCI6MTc2NTE3MTQ5MCwiZXhwIjoxODUxNTcxNDkwfQ.p8urQHToKeUS8jhTbfZjr541-F2-m8haJgm7xs93uqQ"
2025-12-08 12:32:45 [INFO] "eyJhbGciOiJIUzI1NiIsInR5cCI6IkpXVCJ9.eyJ1c2VySWQiOjEsImlhdCI6MTc2NTE3MTQ5MCwiZXhwIjoxODUxNTcxNDkwfQ.p8urQHToKeUS8jhTbfZjr541-F2-m8haJgm7xs93uqQ"
2025-12-08 12:32:45 [INFO] "eyJhbGciOiJIUzI1NiIsInR5cCI6IkpXVCJ9.eyJ1c2VySWQiOjEsImlhdCI6MTc2NTE3MTQ5MCwiZXhwIjoxODUxNTcxNDkwfQ.p8urQHToKeUS8jhTbfZjr541-F2-m8haJgm7xs93uqQ"
2025-12-08 12:32:46 [INFO] "eyJhbGciOiJIUzI1NiIsInR5cCI6IkpXVCJ9.eyJ1c2VySWQiOjEsImlhdCI6MTc2NTE3MTQ5MCwiZXhwIjoxODUxNTcxNDkwfQ.p8urQHToKeUS8jhTbfZjr541-F2-m8haJgm7xs93uqQ"
2025-12-08 12:32:46 [INFO] "eyJhbGciOiJIUzI1NiIsInR5cCI6IkpXVCJ9.eyJ1c2VySWQiOjEsImlhdCI6MTc2NTE3MTQ5MCwiZXhwIjoxODUxNTcxNDkwfQ.p8urQHToKeUS8jhTbfZjr541-F2-m8haJgm7xs93uqQ"
2025-12-08 12:32:48 [INFO] "eyJhbGciOiJIUzI1NiIsInR5cCI6IkpXVCJ9.eyJ1c2VySWQiOjEsImlhdCI6MTc2NTE3MTQ5MCwiZXhwIjoxODUxNTcxNDkwfQ.p8urQHToKeUS8jhTbfZjr541-F2-m8haJgm7xs93uqQ"
2025-12-08 12:32:48 [INFO] "eyJhbGciOiJIUzI1NiIsInR5cCI6IkpXVCJ9.eyJ1c2VySWQiOjEsImlhdCI6MTc2NTE3MTQ5MCwiZXhwIjoxODUxNTcxNDkwfQ.p8urQHToKeUS8jhTbfZjr541-F2-m8haJgm7xs93uqQ"
2025-12-08 12:32:49 [INFO] "eyJhbGciOiJIUzI1NiIsInR5cCI6IkpXVCJ9.eyJ1c2VySWQiOjEsImlhdCI6MTc2NTE3MTQ5MCwiZXhwIjoxODUxNTcxNDkwfQ.p8urQHToKeUS8jhTbfZjr541-F2-m8haJgm7xs93uqQ"
2025-12-08 12:32:49 [INFO] "eyJhbGciOiJIUzI1NiIsInR5cCI6IkpXVCJ9.eyJ1c2VySWQiOjEsImlhdCI6MTc2NTE3MTQ5MCwiZXhwIjoxODUxNTcxNDkwfQ.p8urQHToKeUS8jhTbfZjr541-F2-m8haJgm7xs93uqQ"
2025-12-08 12:32:51 [INFO] "eyJhbGciOiJIUzI1NiIsInR5cCI6IkpXVCJ9.eyJ1c2VySWQiOjEsImlhdCI6MTc2NTE3MTQ5MCwiZXhwIjoxODUxNTcxNDkwfQ.p8urQHToKeUS8jhTbfZjr541-F2-m8haJgm7xs93uqQ"
2025-12-08 12:32:51 [INFO] "eyJhbGciOiJIUzI1NiIsInR5cCI6IkpXVCJ9.eyJ1c2VySWQiOjEsImlhdCI6MTc2NTE3MTQ5MCwiZXhwIjoxODUxNTcxNDkwfQ.p8urQHToKeUS8jhTbfZjr541-F2-m8haJgm7xs93uqQ"
2025-12-08 12:32:52 [INFO] "eyJhbGciOiJIUzI1NiIsInR5cCI6IkpXVCJ9.eyJ1c2VySWQiOjEsImlhdCI6MTc2NTE3MTQ5MCwiZXhwIjoxODUxNTcxNDkwfQ.p8urQHToKeUS8jhTbfZjr541-F2-m8haJgm7xs93uqQ"
2025-12-08 12:32:52 [INFO] "eyJhbGciOiJIUzI1NiIsInR5cCI6IkpXVCJ9.eyJ1c2VySWQiOjEsImlhdCI6MTc2NTE3MTQ5MCwiZXhwIjoxODUxNTcxNDkwfQ.p8urQHToKeUS8jhTbfZjr541-F2-m8haJgm7xs93uqQ"
2025-12-08 12:32:54 [INFO] "eyJhbGciOiJIUzI1NiIsInR5cCI6IkpXVCJ9.eyJ1c2VySWQiOjEsImlhdCI6MTc2NTE3MTQ5MCwiZXhwIjoxODUxNTcxNDkwfQ.p8urQHToKeUS8jhTbfZjr541-F2-m8haJgm7xs93uqQ"
2025-12-08 12:32:54 [INFO] "eyJhbGciOiJIUzI1NiIsInR5cCI6IkpXVCJ9.eyJ1c2VySWQiOjEsImlhdCI6MTc2NTE3MTQ5MCwiZXhwIjoxODUxNTcxNDkwfQ.p8urQHToKeUS8jhTbfZjr541-F2-m8haJgm7xs93uqQ"
2025-12-08 12:32:56 [INFO] "eyJhbGciOiJIUzI1NiIsInR5cCI6IkpXVCJ9.eyJ1c2VySWQiOjEsImlhdCI6MTc2NTE3MTQ5MCwiZXhwIjoxODUxNTcxNDkwfQ.p8urQHToKeUS8jhTbfZjr541-F2-m8haJgm7xs93uqQ"
2025-12-08 12:32:56 [INFO] "eyJhbGciOiJIUzI1NiIsInR5cCI6IkpXVCJ9.eyJ1c2VySWQiOjEsImlhdCI6MTc2NTE3MTQ5MCwiZXhwIjoxODUxNTcxNDkwfQ.p8urQHToKeUS8jhTbfZjr541-F2-m8haJgm7xs93uqQ"
2025-12-08 12:33:11 [INFO] "eyJhbGciOiJIUzI1NiIsInR5cCI6IkpXVCJ9.eyJ1c2VySWQiOjEsImlhdCI6MTc2NTE3MTQ5MCwiZXhwIjoxODUxNTcxNDkwfQ.p8urQHToKeUS8jhTbfZjr541-F2-m8haJgm7xs93uqQ"
2025-12-08 12:33:11 [INFO] "eyJhbGciOiJIUzI1NiIsInR5cCI6IkpXVCJ9.eyJ1c2VySWQiOjEsImlhdCI6MTc2NTE3MTQ5MCwiZXhwIjoxODUxNTcxNDkwfQ.p8urQHToKeUS8jhTbfZjr541-F2-m8haJgm7xs93uqQ"
2025-12-08 12:33:14 [INFO] "eyJhbGciOiJIUzI1NiIsInR5cCI6IkpXVCJ9.eyJ1c2VySWQiOjEsImlhdCI6MTc2NTE3MTQ5MCwiZXhwIjoxODUxNTcxNDkwfQ.p8urQHToKeUS8jhTbfZjr541-F2-m8haJgm7xs93uqQ"
2025-12-08 12:37:32 [INFO] "eyJhbGciOiJIUzI1NiIsInR5cCI6IkpXVCJ9.eyJ1c2VySWQiOjEsImlhdCI6MTc2NTE3MTQ5MCwiZXhwIjoxODUxNTcxNDkwfQ.p8urQHToKeUS8jhTbfZjr541-F2-m8haJgm7xs93uqQ"
2025-12-08 12:37:35 [INFO] "eyJhbGciOiJIUzI1NiIsInR5cCI6IkpXVCJ9.eyJ1c2VySWQiOjEsImlhdCI6MTc2NTE3MTQ5MCwiZXhwIjoxODUxNTcxNDkwfQ.p8urQHToKeUS8jhTbfZjr541-F2-m8haJgm7xs93uqQ"
2025-12-08 12:53:28 [INFO] Server running in development mode at http://localhost:8000
2025-12-08 12:53:29 [INFO] "eyJhbGciOiJIUzI1NiIsInR5cCI6IkpXVCJ9.eyJ1c2VySWQiOjEsImlhdCI6MTc2NTE3MTQ5MCwiZXhwIjoxODUxNTcxNDkwfQ.p8urQHToKeUS8jhTbfZjr541-F2-m8haJgm7xs93uqQ"
2025-12-08 12:53:37 [INFO] "eyJhbGciOiJIUzI1NiIsInR5cCI6IkpXVCJ9.eyJ1c2VySWQiOjEsImlhdCI6MTc2NTE3MTQ5MCwiZXhwIjoxODUxNTcxNDkwfQ.p8urQHToKeUS8jhTbfZjr541-F2-m8haJgm7xs93uqQ"
2025-12-08 12:53:37 [INFO] "eyJhbGciOiJIUzI1NiIsInR5cCI6IkpXVCJ9.eyJ1c2VySWQiOjEsImlhdCI6MTc2NTE3MTQ5MCwiZXhwIjoxODUxNTcxNDkwfQ.p8urQHToKeUS8jhTbfZjr541-F2-m8haJgm7xs93uqQ"
2025-12-08 12:53:40 [INFO] "eyJhbGciOiJIUzI1NiIsInR5cCI6IkpXVCJ9.eyJ1c2VySWQiOjEsImlhdCI6MTc2NTE3MTQ5MCwiZXhwIjoxODUxNTcxNDkwfQ.p8urQHToKeUS8jhTbfZjr541-F2-m8haJgm7xs93uqQ"
2025-12-08 12:53:58 [INFO] Server running in development mode at http://localhost:8000
2025-12-08 12:54:05 [INFO] "eyJhbGciOiJIUzI1NiIsInR5cCI6IkpXVCJ9.eyJ1c2VySWQiOjEsImlhdCI6MTc2NTE3MTQ5MCwiZXhwIjoxODUxNTcxNDkwfQ.p8urQHToKeUS8jhTbfZjr541-F2-m8haJgm7xs93uqQ"
2025-12-08 12:54:05 [INFO] "eyJhbGciOiJIUzI1NiIsInR5cCI6IkpXVCJ9.eyJ1c2VySWQiOjEsImlhdCI6MTc2NTE3MTQ5MCwiZXhwIjoxODUxNTcxNDkwfQ.p8urQHToKeUS8jhTbfZjr541-F2-m8haJgm7xs93uqQ"
2025-12-08 12:54:14 [INFO] Server running in development mode at http://localhost:8000
2025-12-08 12:54:16 [INFO] Server running in development mode at http://localhost:8000
2025-12-08 12:54:21 [INFO] "eyJhbGciOiJIUzI1NiIsInR5cCI6IkpXVCJ9.eyJ1c2VySWQiOjEsImlhdCI6MTc2NTE3MTQ5MCwiZXhwIjoxODUxNTcxNDkwfQ.p8urQHToKeUS8jhTbfZjr541-F2-m8haJgm7xs93uqQ"
2025-12-08 12:54:21 [INFO] "eyJhbGciOiJIUzI1NiIsInR5cCI6IkpXVCJ9.eyJ1c2VySWQiOjEsImlhdCI6MTc2NTE3MTQ5MCwiZXhwIjoxODUxNTcxNDkwfQ.p8urQHToKeUS8jhTbfZjr541-F2-m8haJgm7xs93uqQ"
2025-12-08 12:55:51 [INFO] Server running in development mode at http://localhost:8000
2025-12-08 12:56:47 [INFO] Server running in development mode at http://localhost:8000
2025-12-08 13:08:05 [INFO] "eyJhbGciOiJIUzI1NiIsInR5cCI6IkpXVCJ9.eyJ1c2VySWQiOjEsImlhdCI6MTc2NTE3MTQ5MCwiZXhwIjoxODUxNTcxNDkwfQ.p8urQHToKeUS8jhTbfZjr541-F2-m8haJgm7xs93uqQ"
2025-12-08 13:08:53 [INFO] "eyJhbGciOiJIUzI1NiIsInR5cCI6IkpXVCJ9.eyJ1c2VySWQiOjEsImlhdCI6MTc2NTE3MTQ5MCwiZXhwIjoxODUxNTcxNDkwfQ.p8urQHToKeUS8jhTbfZjr541-F2-m8haJgm7xs93uqQ"
2025-12-08 13:10:29 [INFO] "eyJhbGciOiJIUzI1NiIsInR5cCI6IkpXVCJ9.eyJ1c2VySWQiOjEsImlhdCI6MTc2NTE3MTQ5MCwiZXhwIjoxODUxNTcxNDkwfQ.p8urQHToKeUS8jhTbfZjr541-F2-m8haJgm7xs93uqQ"
2025-12-08 13:11:34 [INFO] "eyJhbGciOiJIUzI1NiIsInR5cCI6IkpXVCJ9.eyJ1c2VySWQiOjEsImlhdCI6MTc2NTE3MTQ5MCwiZXhwIjoxODUxNTcxNDkwfQ.p8urQHToKeUS8jhTbfZjr541-F2-m8haJgm7xs93uqQ"
2025-12-08 13:12:54 [INFO] Server running in development mode at http://localhost:8000
2025-12-08 13:13:44 [INFO] "eyJhbGciOiJIUzI1NiIsInR5cCI6IkpXVCJ9.eyJ1c2VySWQiOjEsImlhdCI6MTc2NTE3MTQ5MCwiZXhwIjoxODUxNTcxNDkwfQ.p8urQHToKeUS8jhTbfZjr541-F2-m8haJgm7xs93uqQ"
2025-12-08 13:18:32 [INFO] Server running in development mode at http://localhost:8000
2025-12-08 13:18:38 [INFO] Server running in development mode at http://localhost:8000
2025-12-08 13:18:53 [INFO] Server running in development mode at http://localhost:8000
2025-12-08 13:19:25 [INFO] "eyJhbGciOiJIUzI1NiIsInR5cCI6IkpXVCJ9.eyJ1c2VySWQiOjEsImlhdCI6MTc2NTE3MTQ5MCwiZXhwIjoxODUxNTcxNDkwfQ.p8urQHToKeUS8jhTbfZjr541-F2-m8haJgm7xs93uqQ"
2025-12-08 13:19:29 [INFO] "eyJhbGciOiJIUzI1NiIsInR5cCI6IkpXVCJ9.eyJ1c2VySWQiOjEsImlhdCI6MTc2NTE3MTQ5MCwiZXhwIjoxODUxNTcxNDkwfQ.p8urQHToKeUS8jhTbfZjr541-F2-m8haJgm7xs93uqQ"
2025-12-08 13:20:46 [INFO] "eyJhbGciOiJIUzI1NiIsInR5cCI6IkpXVCJ9.eyJ1c2VySWQiOjEsImlhdCI6MTc2NTE3MTQ5MCwiZXhwIjoxODUxNTcxNDkwfQ.p8urQHToKeUS8jhTbfZjr541-F2-m8haJgm7xs93uqQ"
2025-12-08 13:20:49 [INFO] "eyJhbGciOiJIUzI1NiIsInR5cCI6IkpXVCJ9.eyJ1c2VySWQiOjEsImlhdCI6MTc2NTE3MTQ5MCwiZXhwIjoxODUxNTcxNDkwfQ.p8urQHToKeUS8jhTbfZjr541-F2-m8haJgm7xs93uqQ"
2025-12-08 13:20:51 [INFO] "eyJhbGciOiJIUzI1NiIsInR5cCI6IkpXVCJ9.eyJ1c2VySWQiOjEsImlhdCI6MTc2NTE3MTQ5MCwiZXhwIjoxODUxNTcxNDkwfQ.p8urQHToKeUS8jhTbfZjr541-F2-m8haJgm7xs93uqQ"
2025-12-08 13:20:56 [INFO] "eyJhbGciOiJIUzI1NiIsInR5cCI6IkpXVCJ9.eyJ1c2VySWQiOjEsImlhdCI6MTc2NTE3MTQ5MCwiZXhwIjoxODUxNTcxNDkwfQ.p8urQHToKeUS8jhTbfZjr541-F2-m8haJgm7xs93uqQ"
2025-12-08 13:22:24 [INFO] "eyJhbGciOiJIUzI1NiIsInR5cCI6IkpXVCJ9.eyJ1c2VySWQiOjEsImlhdCI6MTc2NTE3MTQ5MCwiZXhwIjoxODUxNTcxNDkwfQ.p8urQHToKeUS8jhTbfZjr541-F2-m8haJgm7xs93uqQ"
2025-12-08 13:22:26 [INFO] "eyJhbGciOiJIUzI1NiIsInR5cCI6IkpXVCJ9.eyJ1c2VySWQiOjEsImlhdCI6MTc2NTE3MTQ5MCwiZXhwIjoxODUxNTcxNDkwfQ.p8urQHToKeUS8jhTbfZjr541-F2-m8haJgm7xs93uqQ"
2025-12-08 13:24:05 [INFO] "eyJhbGciOiJIUzI1NiIsInR5cCI6IkpXVCJ9.eyJ1c2VySWQiOjEsImlhdCI6MTc2NTE3MTQ5MCwiZXhwIjoxODUxNTcxNDkwfQ.p8urQHToKeUS8jhTbfZjr541-F2-m8haJgm7xs93uqQ"
2025-12-08 13:24:33 [INFO] "eyJhbGciOiJIUzI1NiIsInR5cCI6IkpXVCJ9.eyJ1c2VySWQiOjEsImlhdCI6MTc2NTE3MTQ5MCwiZXhwIjoxODUxNTcxNDkwfQ.p8urQHToKeUS8jhTbfZjr541-F2-m8haJgm7xs93uqQ"
2025-12-08 13:24:38 [INFO] "eyJhbGciOiJIUzI1NiIsInR5cCI6IkpXVCJ9.eyJ1c2VySWQiOjEsImlhdCI6MTc2NTE3MTQ5MCwiZXhwIjoxODUxNTcxNDkwfQ.p8urQHToKeUS8jhTbfZjr541-F2-m8haJgm7xs93uqQ"
2025-12-08 13:24:49 [INFO] "eyJhbGciOiJIUzI1NiIsInR5cCI6IkpXVCJ9.eyJ1c2VySWQiOjEsImlhdCI6MTc2NTE3MTQ5MCwiZXhwIjoxODUxNTcxNDkwfQ.p8urQHToKeUS8jhTbfZjr541-F2-m8haJgm7xs93uqQ"
2025-12-08 13:26:59 [INFO] "eyJhbGciOiJIUzI1NiIsInR5cCI6IkpXVCJ9.eyJ1c2VySWQiOjEsImlhdCI6MTc2NTE3MTQ5MCwiZXhwIjoxODUxNTcxNDkwfQ.p8urQHToKeUS8jhTbfZjr541-F2-m8haJgm7xs93uqQ"
2025-12-08 13:27:00 [INFO] "eyJhbGciOiJIUzI1NiIsInR5cCI6IkpXVCJ9.eyJ1c2VySWQiOjEsImlhdCI6MTc2NTE3MTQ5MCwiZXhwIjoxODUxNTcxNDkwfQ.p8urQHToKeUS8jhTbfZjr541-F2-m8haJgm7xs93uqQ"
2025-12-08 13:29:12 [INFO] "eyJhbGciOiJIUzI1NiIsInR5cCI6IkpXVCJ9.eyJ1c2VySWQiOjEsImlhdCI6MTc2NTE3MTQ5MCwiZXhwIjoxODUxNTcxNDkwfQ.p8urQHToKeUS8jhTbfZjr541-F2-m8haJgm7xs93uqQ"
2025-12-08 13:29:14 [INFO] "eyJhbGciOiJIUzI1NiIsInR5cCI6IkpXVCJ9.eyJ1c2VySWQiOjEsImlhdCI6MTc2NTE3MTQ5MCwiZXhwIjoxODUxNTcxNDkwfQ.p8urQHToKeUS8jhTbfZjr541-F2-m8haJgm7xs93uqQ"
2025-12-08 13:32:06 [INFO] "eyJhbGciOiJIUzI1NiIsInR5cCI6IkpXVCJ9.eyJ1c2VySWQiOjEsImlhdCI6MTc2NTE3MTQ5MCwiZXhwIjoxODUxNTcxNDkwfQ.p8urQHToKeUS8jhTbfZjr541-F2-m8haJgm7xs93uqQ"
2025-12-08 13:32:07 [INFO] "eyJhbGciOiJIUzI1NiIsInR5cCI6IkpXVCJ9.eyJ1c2VySWQiOjEsImlhdCI6MTc2NTE3MTQ5MCwiZXhwIjoxODUxNTcxNDkwfQ.p8urQHToKeUS8jhTbfZjr541-F2-m8haJgm7xs93uqQ"
2025-12-08 13:33:10 [INFO] "eyJhbGciOiJIUzI1NiIsInR5cCI6IkpXVCJ9.eyJ1c2VySWQiOjEsImlhdCI6MTc2NTE3MTQ5MCwiZXhwIjoxODUxNTcxNDkwfQ.p8urQHToKeUS8jhTbfZjr541-F2-m8haJgm7xs93uqQ"
2025-12-08 13:33:12 [INFO] "eyJhbGciOiJIUzI1NiIsInR5cCI6IkpXVCJ9.eyJ1c2VySWQiOjEsImlhdCI6MTc2NTE3MTQ5MCwiZXhwIjoxODUxNTcxNDkwfQ.p8urQHToKeUS8jhTbfZjr541-F2-m8haJgm7xs93uqQ"
2025-12-08 13:34:17 [INFO] "eyJhbGciOiJIUzI1NiIsInR5cCI6IkpXVCJ9.eyJ1c2VySWQiOjEsImlhdCI6MTc2NTE3MTQ5MCwiZXhwIjoxODUxNTcxNDkwfQ.p8urQHToKeUS8jhTbfZjr541-F2-m8haJgm7xs93uqQ"
2025-12-08 13:38:58 [INFO] "eyJhbGciOiJIUzI1NiIsInR5cCI6IkpXVCJ9.eyJ1c2VySWQiOjEsImlhdCI6MTc2NTE3MTQ5MCwiZXhwIjoxODUxNTcxNDkwfQ.p8urQHToKeUS8jhTbfZjr541-F2-m8haJgm7xs93uqQ"
2025-12-08 13:40:03 [INFO] "eyJhbGciOiJIUzI1NiIsInR5cCI6IkpXVCJ9.eyJ1c2VySWQiOjEsImlhdCI6MTc2NTE3MTQ5MCwiZXhwIjoxODUxNTcxNDkwfQ.p8urQHToKeUS8jhTbfZjr541-F2-m8haJgm7xs93uqQ"
2025-12-08 13:41:08 [INFO] "eyJhbGciOiJIUzI1NiIsInR5cCI6IkpXVCJ9.eyJ1c2VySWQiOjEsImlhdCI6MTc2NTE3MTQ5MCwiZXhwIjoxODUxNTcxNDkwfQ.p8urQHToKeUS8jhTbfZjr541-F2-m8haJgm7xs93uqQ"
2025-12-08 13:41:58 [INFO] "eyJhbGciOiJIUzI1NiIsInR5cCI6IkpXVCJ9.eyJ1c2VySWQiOjEsImlhdCI6MTc2NTE3MTQ5MCwiZXhwIjoxODUxNTcxNDkwfQ.p8urQHToKeUS8jhTbfZjr541-F2-m8haJgm7xs93uqQ"
2025-12-08 13:47:56 [INFO] "eyJhbGciOiJIUzI1NiIsInR5cCI6IkpXVCJ9.eyJ1c2VySWQiOjEsImlhdCI6MTc2NTE3MTQ5MCwiZXhwIjoxODUxNTcxNDkwfQ.p8urQHToKeUS8jhTbfZjr541-F2-m8haJgm7xs93uqQ"
2025-12-08 13:51:34 [INFO] "eyJhbGciOiJIUzI1NiIsInR5cCI6IkpXVCJ9.eyJ1c2VySWQiOjEsImlhdCI6MTc2NTE3MTQ5MCwiZXhwIjoxODUxNTcxNDkwfQ.p8urQHToKeUS8jhTbfZjr541-F2-m8haJgm7xs93uqQ"
2025-12-08 13:51:35 [INFO] "eyJhbGciOiJIUzI1NiIsInR5cCI6IkpXVCJ9.eyJ1c2VySWQiOjEsImlhdCI6MTc2NTE3MTQ5MCwiZXhwIjoxODUxNTcxNDkwfQ.p8urQHToKeUS8jhTbfZjr541-F2-m8haJgm7xs93uqQ"
2025-12-08 13:53:30 [INFO] "eyJhbGciOiJIUzI1NiIsInR5cCI6IkpXVCJ9.eyJ1c2VySWQiOjEsImlhdCI6MTc2NTE3MTQ5MCwiZXhwIjoxODUxNTcxNDkwfQ.p8urQHToKeUS8jhTbfZjr541-F2-m8haJgm7xs93uqQ"
2025-12-08 13:53:32 [INFO] "eyJhbGciOiJIUzI1NiIsInR5cCI6IkpXVCJ9.eyJ1c2VySWQiOjEsImlhdCI6MTc2NTE3MTQ5MCwiZXhwIjoxODUxNTcxNDkwfQ.p8urQHToKeUS8jhTbfZjr541-F2-m8haJgm7xs93uqQ"
2025-12-08 13:54:24 [INFO] "eyJhbGciOiJIUzI1NiIsInR5cCI6IkpXVCJ9.eyJ1c2VySWQiOjEsImlhdCI6MTc2NTE3MTQ5MCwiZXhwIjoxODUxNTcxNDkwfQ.p8urQHToKeUS8jhTbfZjr541-F2-m8haJgm7xs93uqQ"
2025-12-08 13:54:36 [INFO] "eyJhbGciOiJIUzI1NiIsInR5cCI6IkpXVCJ9.eyJ1c2VySWQiOjEsImlhdCI6MTc2NTE3MTQ5MCwiZXhwIjoxODUxNTcxNDkwfQ.p8urQHToKeUS8jhTbfZjr541-F2-m8haJgm7xs93uqQ"
2025-12-08 13:55:00 [INFO] "eyJhbGciOiJIUzI1NiIsInR5cCI6IkpXVCJ9.eyJ1c2VySWQiOjEsImlhdCI6MTc2NTE3MTQ5MCwiZXhwIjoxODUxNTcxNDkwfQ.p8urQHToKeUS8jhTbfZjr541-F2-m8haJgm7xs93uqQ"
2025-12-08 13:55:44 [INFO] "eyJhbGciOiJIUzI1NiIsInR5cCI6IkpXVCJ9.eyJ1c2VySWQiOjEsImlhdCI6MTc2NTE3MTQ5MCwiZXhwIjoxODUxNTcxNDkwfQ.p8urQHToKeUS8jhTbfZjr541-F2-m8haJgm7xs93uqQ"
2025-12-08 13:56:09 [INFO] "eyJhbGciOiJIUzI1NiIsInR5cCI6IkpXVCJ9.eyJ1c2VySWQiOjEsImlhdCI6MTc2NTE3MTQ5MCwiZXhwIjoxODUxNTcxNDkwfQ.p8urQHToKeUS8jhTbfZjr541-F2-m8haJgm7xs93uqQ"
2025-12-08 13:56:12 [INFO] "eyJhbGciOiJIUzI1NiIsInR5cCI6IkpXVCJ9.eyJ1c2VySWQiOjEsImlhdCI6MTc2NTE3MTQ5MCwiZXhwIjoxODUxNTcxNDkwfQ.p8urQHToKeUS8jhTbfZjr541-F2-m8haJgm7xs93uqQ"
2025-12-08 13:56:25 [INFO] "eyJhbGciOiJIUzI1NiIsInR5cCI6IkpXVCJ9.eyJ1c2VySWQiOjEsImlhdCI6MTc2NTE3MTQ5MCwiZXhwIjoxODUxNTcxNDkwfQ.p8urQHToKeUS8jhTbfZjr541-F2-m8haJgm7xs93uqQ"
2025-12-08 13:58:05 [INFO] "eyJhbGciOiJIUzI1NiIsInR5cCI6IkpXVCJ9.eyJ1c2VySWQiOjEsImlhdCI6MTc2NTE3MTQ5MCwiZXhwIjoxODUxNTcxNDkwfQ.p8urQHToKeUS8jhTbfZjr541-F2-m8haJgm7xs93uqQ"
2025-12-08 13:58:08 [INFO] "eyJhbGciOiJIUzI1NiIsInR5cCI6IkpXVCJ9.eyJ1c2VySWQiOjEsImlhdCI6MTc2NTE3MTQ5MCwiZXhwIjoxODUxNTcxNDkwfQ.p8urQHToKeUS8jhTbfZjr541-F2-m8haJgm7xs93uqQ"
2025-12-08 13:58:38 [INFO] "eyJhbGciOiJIUzI1NiIsInR5cCI6IkpXVCJ9.eyJ1c2VySWQiOjEsImlhdCI6MTc2NTE3MTQ5MCwiZXhwIjoxODUxNTcxNDkwfQ.p8urQHToKeUS8jhTbfZjr541-F2-m8haJgm7xs93uqQ"
2025-12-08 13:59:38 [INFO] "eyJhbGciOiJIUzI1NiIsInR5cCI6IkpXVCJ9.eyJ1c2VySWQiOjEsImlhdCI6MTc2NTE3MTQ5MCwiZXhwIjoxODUxNTcxNDkwfQ.p8urQHToKeUS8jhTbfZjr541-F2-m8haJgm7xs93uqQ"
2025-12-08 14:01:40 [INFO] "eyJhbGciOiJIUzI1NiIsInR5cCI6IkpXVCJ9.eyJ1c2VySWQiOjEsImlhdCI6MTc2NTE3MTQ5MCwiZXhwIjoxODUxNTcxNDkwfQ.p8urQHToKeUS8jhTbfZjr541-F2-m8haJgm7xs93uqQ"
2025-12-08 14:06:32 [INFO] Server running in development mode at http://localhost:8000
2025-12-08 14:06:38 [INFO] Server running in development mode at http://localhost:8000
2025-12-08 14:06:41 [INFO] Server running in development mode at http://localhost:8000
2025-12-08 14:06:47 [INFO] Server running in development mode at http://localhost:8000
2025-12-08 14:06:50 [INFO] Server running in development mode at http://localhost:8000
2025-12-08 14:06:55 [INFO] Server running in development mode at http://localhost:8000
2025-12-08 14:07:02 [INFO] Server running in development mode at http://localhost:8000
2025-12-08 14:07:12 [INFO] Server running in development mode at http://localhost:8000
2025-12-08 14:07:21 [INFO] Server running in development mode at http://localhost:8000
2025-12-08 14:08:04 [INFO] Server running in development mode at http://localhost:8000
2025-12-08 14:08:07 [INFO] Server running in development mode at http://localhost:8000
2025-12-08 14:08:22 [INFO] Server running in development mode at http://localhost:8000
2025-12-08 14:08:28 [INFO] Server running in development mode at http://localhost:8000
2025-12-08 14:08:30 [INFO] Server running in development mode at http://localhost:8000
2025-12-08 14:08:32 [INFO] Server running in development mode at http://localhost:8000
2025-12-08 14:08:35 [INFO] Server running in development mode at http://localhost:8000
2025-12-08 14:08:37 [INFO] Server running in development mode at http://localhost:8000
2025-12-08 14:09:31 [INFO] Server running in development mode at http://localhost:8000
2025-12-08 14:30:28 [INFO] "eyJhbGciOiJIUzI1NiIsInR5cCI6IkpXVCJ9.eyJ1c2VySWQiOjEsImlhdCI6MTc2NTE3MTQ5MCwiZXhwIjoxODUxNTcxNDkwfQ.p8urQHToKeUS8jhTbfZjr541-F2-m8haJgm7xs93uqQ"
2025-12-08 14:30:28 [INFO] "eyJhbGciOiJIUzI1NiIsInR5cCI6IkpXVCJ9.eyJ1c2VySWQiOjEsImlhdCI6MTc2NTE3MTQ5MCwiZXhwIjoxODUxNTcxNDkwfQ.p8urQHToKeUS8jhTbfZjr541-F2-m8haJgm7xs93uqQ"
